Microchip MPLAB XC8 Compiler V2.36

Linker command line:

-W-3 --edf=C:\Program Files\Microchip\xc8\v2.36\pic\dat\en_msgs.txt -cn \
  -h+dist/default/production\zadanie3.X.production.sym \
  --cmf=dist/default/production\zadanie3.X.production.cmf -z -Q18F4620 \
  -oC:\Users\Szymon\AppData\Local\Temp\xcAsdko.4 --defsym=__MPLAB_BUILD=1 \
  -Mdist/default/production/zadanie3.X.production.map \
  --md=C:\Users\Szymon\AppData\Local\Temp\xcAsdko.dat -E1 -ver=XC8 Compiler \
  --acfsm=1493 -ACODE=00h-0FFFFh -ACONST=00h-0FFFFh \
  -ASMALLCONST=01000h-010FFhx240 -AMEDIUMCONST=01000h-0FFFFh \
  -ACOMRAM=01h-07Fh -AABS1=00h-0F7Fh -ABIGRAM=01h-0F7Fh \
  -ARAM=080h-0FFh,0100h-01FFhx14,0F00h-0F7Fh -ABANK0=080h-0FFh \
  -ABANK1=0100h-01FFh -ABANK2=0200h-02FFh -ABANK3=0300h-03FFh \
  -ABANK4=0400h-04FFh -ABANK5=0500h-05FFh -ABANK6=0600h-06FFh \
  -ABANK7=0700h-07FFh -ABANK8=0800h-08FFh -ABANK9=0900h-09FFh \
  -ABANK10=0A00h-0AFFh -ABANK11=0B00h-0BFFh -ABANK12=0C00h-0CFFh \
  -ABANK13=0D00h-0DFFh -ABANK14=0E00h-0EFFh -ABANK15=0F00h-0F7Fh \
  -ASFR=0F80h-0FFFh -ABIGSFR=0F80h-0FFFh -ACONFIG=0300000h-030000Dh \
  -AIDLOC=0200000h-0200007h -AEEDATA=0F00000h-0F003FFh -peeprom_data=EEDATA \
  -preset_vec=00h,intcode,intcodelo,powerup,init -pramtop=01000h \
  -psmallconst=SMALLCONST -pmediumconst=MEDIUMCONST -pconst=CONST \
  -AFARRAM=00h-00h \
  -prdata=COMRAM,nvrram=COMRAM,nvbit=COMRAM,rbss=COMRAM,rbit=COMRAM \
  -pfarbss=FARRAM,fardata=FARRAM,nvFARRAM=FARRAM \
  -pintsave_regs=BIGRAM,bigbss=BIGRAM,bigdata=BIGRAM -pbss=RAM \
  -pidata=CODE,irdata=CODE,ibigdata=CODE,ifardata=CODE -prparam=COMRAM \
  C:\Users\Szymon\AppData\Local\Temp\xcAsdko.o \
  dist/default/production\zadanie3.X.production.o 

Object code version is 3.11

Machine type is 18F4620



                Name                               Link     Load   Length Selector   Space Scale
C:\Users\Szymon\AppData\Local\Temp\xcAsdko.o
                idloc                            200000   200000        8        0       5
                config                           300000   300000        E        0       4
                init                                  0        0        4        0       0
dist/default/production\zadanie3.X.production.o
                idloc                            200000   200000        8        0       5
                config                           300000   300000        E        0       4
                mediumconst                        FECC     FECC      134     7F66       0
                text7                              F882     F882        8     7C41       0
                text6                              F88A     F88A       12     7C45       0
                text5                              F89C     F89C       12     7C4E       0
                text4                              F908     F908       42     7C84       0
                text3                              F94A     F94A       48     7CA5       0
                text2                              F9E2     F9E2       5C     7CF1       0
                text1                              F992     F992       50     7CC9       0
                text0                              FA3E     FA3E      48E     7D1F       0
                cstackCOMRAM                          1        1       37        1       1
                dataCOMRAM                           38       38       30        1       1
                cinit                              F8AE     F8AE       2A     7C57       0
                idataCOMRAM                        F8D8     F8D8       30     F8D8       0

TOTAL           Name                               Link     Load   Length     Space
        CLASS   CODE           
                init                                  0        0        4         0
                text7                              F882     F882        8         0
                text6                              F88A     F88A       12         0
                text5                              F89C     F89C       12         0
                text4                              F908     F908       42         0
                text3                              F94A     F94A       48         0
                text2                              F9E2     F9E2       5C         0
                text1                              F992     F992       50         0
                text0                              FA3E     FA3E      48E         0
                cinit                              F8AE     F8AE       2A         0
                idataCOMRAM                        F8D8     F8D8       30         0

        CLASS   CONST          

        CLASS   SMALLCONST     

        CLASS   MEDIUMCONST    
                mediumconst                        FECC     FECC      134         0

        CLASS   COMRAM         
                cstackCOMRAM                          1        1       37         1
                dataCOMRAM                           38       38       30         1

        CLASS   ABS1           

        CLASS   BIGRAM         

        CLASS   RAM            

        CLASS   BANK0          

        CLASS   BANK1          

        CLASS   BANK2          

        CLASS   BANK3          

        CLASS   BANK4          

        CLASS   BANK5          

        CLASS   BANK6          

        CLASS   BANK7          

        CLASS   BANK8          

        CLASS   BANK9          

        CLASS   BANK10         

        CLASS   BANK11         

        CLASS   BANK12         

        CLASS   BANK13         

        CLASS   BANK14         

        CLASS   BANK15         

        CLASS   SFR            

        CLASS   BIGSFR         

        CLASS   CONFIG         
                config                           300000   300000        E         4

        CLASS   IDLOC          
                idloc                            200000   200000        8         5

        CLASS   EEDATA         

        CLASS   FARRAM         

        CLASS   HEAP           

        CLASS   STACK          



SEGMENTS        Name                           Load    Length   Top    Selector   Space  Class

                reset_vec                      000000  000004  000004         0       0  CODE    
                cstackCOMRAM                   000001  000067  000068         1       1  COMRAM  
                text7                          00F882  000008  00F88A      7C41       0  CODE    
                text6                          00F88A  000012  00F89C      7C45       0  CODE    
                text5                          00F89C  000012  00F8AE      7C4E       0  CODE    
                cinit                          00F8AE  00002A  00F8D8      7C57       0  CODE    
                idataCOMRAM                    00F8D8  000030  00F908      F8D8       0  CODE    
                text4                          00F908  000042  00F94A      7C84       0  CODE    
                text3                          00F94A  000048  00F992      7CA5       0  CODE    
                text1                          00F992  000050  00F9E2      7CC9       0  CODE    
                text2                          00F9E2  00005C  00FA3E      7CF1       0  CODE    
                text0                          00FA3E  00048E  00FECC      7D1F       0  CODE    
                mediumconst                    00FECC  000134  010000      7F66       0  MEDIUMCO


UNUSED ADDRESS RANGES

        Name                Unused          Largest block    Delta
        BANK0            000080-0000FF               80
        BANK1            000100-0001FF              100
        BANK10           000A00-000AFF              100
        BANK11           000B00-000BFF              100
        BANK12           000C00-000CFF              100
        BANK13           000D00-000DFF              100
        BANK14           000E00-000EFF              100
        BANK15           000F00-000F7F               80
        BANK2            000200-0002FF              100
        BANK3            000300-0003FF              100
        BANK4            000400-0004FF              100
        BANK5            000500-0005FF              100
        BANK6            000600-0006FF              100
        BANK7            000700-0007FF              100
        BANK8            000800-0008FF              100
        BANK9            000900-0009FF              100
        BIGRAM           000068-000F7F              F18
        BIGSFR           000F80-000FFF               80
        CODE             000004-00F881             F87E
        COMRAM           000068-00007F               18
        CONST            000004-00F881             F87E
        EEDATA           F00000-F003FF              400
        MEDIUMCONST      001000-00F881             E882
        RAM              000080-000F7F              100
        SFR              000F80-000FFF               80
        SMALLCONST       001000-00F881              100

                                  Symbol Table

_ADCON0                  (abs)        000FC2
_ADCON0bits              (abs)        000FC2
_ADCON1                  (abs)        000FC1
_ADCON2                  (abs)        000FC0
_ADRESH                  (abs)        000FC4
_ADRESL                  (abs)        000FC3
_PORTD                   (abs)        000F83
_PORTEbits               (abs)        000F84
_TRISA                   (abs)        000F92
_TRISB                   (abs)        000F93
_TRISC                   (abs)        000F94
_TRISD                   (abs)        000F95
_TRISE                   (abs)        000F96
__HRAM                   (abs)        000000
__Habs1                  abs1         000000
__Hbank0                 bank0        000000
__Hbank1                 bank1        000000
__Hbank10                bank10       000000
__Hbank11                bank11       000000
__Hbank12                bank12       000000
__Hbank13                bank13       000000
__Hbank14                bank14       000000
__Hbank15                bank15       000000
__Hbank2                 bank2        000000
__Hbank3                 bank3        000000
__Hbank4                 bank4        000000
__Hbank5                 bank5        000000
__Hbank6                 bank6        000000
__Hbank7                 bank7        000000
__Hbank8                 bank8        000000
__Hbank9                 bank9        000000
__Hbigbss                bigbss       000000
__Hbigdata               bigdata      000000
__Hbigram                bigram       000000
__Hbigsfr                bigsfr       000000
__Hbss                   bss          000000
__Hcinit                 cinit        000000
__Hclrtext               clrtext      000000
__Hcomram                comram       000000
__Hconfig                config       30000E
__Hconst                 const        000000
__HcstackCOMRAM          cstackCOMRAM 000000
__Hdata                  data         000000
__HdataCOMRAM            dataCOMRAM   000000
__Heeprom_data           eeprom_data  000000
__Hfarbss                farbss       000000
__Hfardata               fardata      000000
__Hheap                  heap         000000
__Hibigdata              ibigdata     000000
__Hidata                 idata        000000
__HidataCOMRAM           idataCOMRAM  000000
__Hidloc                 idloc        200008
__Hifardata              ifardata     000000
__Hinit                  init         000004
__Hintcode               intcode      000000
__Hintcode_body          intcode_body 000000
__Hintcodelo             intcodelo    000000
__Hintentry              intentry     000000
__Hintret                intret       000000
__Hintsave_regs          intsave_regs 000000
__Hirdata                irdata       000000
__Hmediumconst           mediumconst  010000
__HnvFARRAM              nvFARRAM     000000
__Hnvbit                 nvbit        000000
__Hnvrram                nvrram       000000
__Hparam                 rparam       000000
__Hpowerup               powerup      000000
__Hram                   ram          000000
__Hramtop                ramtop       001000
__Hrbit                  rbit         000000
__Hrbss                  rbss         000000
__Hrdata                 rdata        000000
__Hreset_vec             reset_vec    000000
__Hrparam                rparam       000000
__Hsfr                   sfr          000000
__Hsmallconst            smallconst   000000
__Hspace_0               (abs)        010000
__Hspace_1               (abs)        000068
__Hspace_2               (abs)        000000
__Hspace_4               (abs)        60000E
__Hstack                 stack        000000
__Hstruct                struct       000000
__Htemp                  temp         000000
__Htext                  text         000000
__Htext0                 text0        000000
__Htext1                 text1        000000
__Htext2                 text2        000000
__Htext3                 text3        000000
__Htext4                 text4        000000
__Htext5                 text5        000000
__Htext6                 text6        000000
__Htext7                 text7        000000
__LRAM                   (abs)        000001
__Labs1                  abs1         000000
__Lbank0                 bank0        000000
__Lbank1                 bank1        000000
__Lbank10                bank10       000000
__Lbank11                bank11       000000
__Lbank12                bank12       000000
__Lbank13                bank13       000000
__Lbank14                bank14       000000
__Lbank15                bank15       000000
__Lbank2                 bank2        000000
__Lbank3                 bank3        000000
__Lbank4                 bank4        000000
__Lbank5                 bank5        000000
__Lbank6                 bank6        000000
__Lbank7                 bank7        000000
__Lbank8                 bank8        000000
__Lbank9                 bank9        000000
__Lbigbss                bigbss       000000
__Lbigdata               bigdata      000000
__Lbigram                bigram       000000
__Lbigsfr                bigsfr       000000
__Lbss                   bss          000000
__Lcinit                 cinit        000000
__Lclrtext               clrtext      000000
__Lcomram                comram       000000
__Lconfig                config       000000
__Lconst                 const        000000
__LcstackCOMRAM          cstackCOMRAM 000000
__Ldata                  data         000000
__LdataCOMRAM            dataCOMRAM   000000
__Leeprom_data           eeprom_data  000000
__Lfarbss                farbss       000000
__Lfardata               fardata      000000
__Lheap                  heap         000000
__Libigdata              ibigdata     000000
__Lidata                 idata        000000
__LidataCOMRAM           idataCOMRAM  000000
__Lidloc                 idloc        000000
__Lifardata              ifardata     000000
__Linit                  init         000000
__Lintcode               intcode      000000
__Lintcode_body          intcode_body 000000
__Lintcodelo             intcodelo    000000
__Lintentry              intentry     000000
__Lintret                intret       000000
__Lintsave_regs          intsave_regs 000000
__Lirdata                irdata       000000
__Lmediumconst           mediumconst  00FECC
__LnvFARRAM              nvFARRAM     000000
__Lnvbit                 nvbit        000000
__Lnvrram                nvrram       000000
__Lparam                 rparam       000000
__Lpowerup               powerup      000000
__Lram                   ram          000000
__Lramtop                ramtop       001000
__Lrbit                  rbit         000000
__Lrbss                  rbss         000000
__Lrdata                 rdata        000000
__Lreset_vec             reset_vec    000000
__Lrparam                rparam       000000
__Lsfr                   sfr          000000
__Lsmallconst            smallconst   000000
__Lspace_0               (abs)        000000
__Lspace_1               (abs)        000000
__Lspace_2               (abs)        000000
__Lspace_4               (abs)        000000
__Lstack                 stack        000000
__Lstruct                struct       000000
__Ltemp                  temp         000000
__Ltext                  text         000000
__Ltext0                 text0        000000
__Ltext1                 text1        000000
__Ltext2                 text2        000000
__Ltext3                 text3        000000
__Ltext4                 text4        000000
__Ltext5                 text5        000000
__Ltext6                 text6        000000
__Ltext7                 text7        000000
__S0                     (abs)        010000
__S1                     (abs)        000068
__S4                     (abs)        000000
__S5                     (abs)        000000
___heap_hi               (abs)        000000
___heap_lo               (abs)        000000
___inthi_sp              stack        000000
___intlo_sp              stack        000000
___param_bank            (abs)        000000
___rparam_used           (abs)        000001
___sp                    stack        000000
__accesstop              (abs)        000080
__activetblptr           (abs)        000002
__end_of__initialization cinit        00F8CE
__end_of_delay           text3        00F992
__end_of_lcd_cmd         text6        00F89C
__end_of_lcd_custom_char text4        00F94A
__end_of_lcd_dat         text5        00F8AE
__end_of_lcd_init        text2        00FA3E
__end_of_lcd_str         text1        00F9E2
__end_of_lcd_wr          text7        00F88A
__end_of_main            text0        00FECC
__initialization         cinit        00F8AE
__mediumconst            mediumconst  00FECC
__pcinit                 cinit        00F8AE
__pcstackCOMRAM          cstackCOMRAM 000001
__pdataCOMRAM            dataCOMRAM   000038
__pidataCOMRAM           idataCOMRAM  00F8D8
__pmediumconst           mediumconst  00FECC
__ptext0                 text0        00FA3E
__ptext1                 text1        00F992
__ptext2                 text2        00F9E2
__ptext3                 text3        00F94A
__ptext4                 text4        00F908
__ptext5                 text5        00F89C
__ptext6                 text6        00F88A
__ptext7                 text7        00F882
__ramtop                 ramtop       001000
__smallconst             smallconst   000000
_delay                   text3        00F94A
_lcd_cmd                 text6        00F88A
_lcd_custom_char         text4        00F908
_lcd_dat                 text5        00F89C
_lcd_init                text2        00F9E2
_lcd_str                 text1        00F992
_lcd_wr                  text7        00F882
_main                    text0        00FA3E
delay@i                  cstackCOMRAM 000003
delay@j                  cstackCOMRAM 000005
delay@ms                 cstackCOMRAM 000001
end_of_initialization    cinit        00F8CE
intlevel0                text         000000
intlevel1                text         000000
intlevel2                text         000000
intlevel3                text         000000
isa$std                  (abs)        000001
isa$xinst                (abs)        000000
lcd_cmd@val              cstackCOMRAM 000002
lcd_custom_char@Location cstackCOMRAM 000005
lcd_custom_char@Pattern  cstackCOMRAM 000003
lcd_custom_char@i        cstackCOMRAM 000006
lcd_dat@val              cstackCOMRAM 000002
lcd_str@i                cstackCOMRAM 000007
lcd_str@str              cstackCOMRAM 000003
lcd_wr@val               cstackCOMRAM 000001
main@F2494               dataCOMRAM   000060
main@F2496               dataCOMRAM   000058
main@F2498               dataCOMRAM   000050
main@F2500               dataCOMRAM   000048
main@F2502               dataCOMRAM   000040
main@F2504               dataCOMRAM   000038
main@ciapki              cstackCOMRAM 000030
main@empty_bottle        cstackCOMRAM 000018
main@full_bottle         cstackCOMRAM 000008
main@half_bottle         cstackCOMRAM 000010
main@sad                 cstackCOMRAM 000028
main@smile               cstackCOMRAM 000020
stackhi                  (abs)        000000
stacklo                  (abs)        000000
start                    init         000000
start_initialization     cinit        00F8AE


MODULE INFORMATION

Module		Function		Class		Link	Load	Size
shared
		__initialization		CODE           	F8AE	0000	32

shared estimated size: 32

main.c
		_delay         		CODE           	F94A	0000	72
		_lcd_cmd       		CODE           	F88A	0000	18
		_lcd_dat       		CODE           	F89C	0000	18
		_main          		CODE           	FA3E	0000	1166
		_lcd_wr        		CODE           	F882	0000	8
		_lcd_custom_char		CODE           	F908	0000	66
		_lcd_str       		CODE           	F992	0000	80
		_lcd_init      		CODE           	F9E2	0000	92

main.c estimated size: 1520

