Microchip MPLAB XC8 Compiler V2.36

Linker command line:

-W-3 --edf=C:\Program Files\Microchip\xc8\v2.36\pic\dat\en_msgs.txt -cn \
  -h+dist/default/production\Sprawozdanie.X.production.sym \
  --cmf=dist/default/production\Sprawozdanie.X.production.cmf -z -Q18F4620 \
  -oC:\Users\szymo\AppData\Local\Temp\xcAs56s.4 --defsym=__MPLAB_BUILD=1 \
  -Mdist/default/production/Sprawozdanie.X.production.map \
  --md=C:\Users\szymo\AppData\Local\Temp\xcAs56s.dat -E1 -ver=XC8 Compiler \
  --acfsm=1493 -ACODE=00h-0FFFFh -ACONST=00h-0FFFFh \
  -ASMALLCONST=01000h-010FFhx240 -AMEDIUMCONST=01000h-0FFFFh \
  -ACOMRAM=01h-07Fh -AABS1=00h-0F7Fh -ABIGRAM=01h-0F7Fh \
  -ARAM=080h-0FFh,0100h-01FFhx14,0F00h-0F7Fh -ABANK0=080h-0FFh \
  -ABANK1=0100h-01FFh -ABANK2=0200h-02FFh -ABANK3=0300h-03FFh \
  -ABANK4=0400h-04FFh -ABANK5=0500h-05FFh -ABANK6=0600h-06FFh \
  -ABANK7=0700h-07FFh -ABANK8=0800h-08FFh -ABANK9=0900h-09FFh \
  -ABANK10=0A00h-0AFFh -ABANK11=0B00h-0BFFh -ABANK12=0C00h-0CFFh \
  -ABANK13=0D00h-0DFFh -ABANK14=0E00h-0EFFh -ABANK15=0F00h-0F7Fh \
  -ASFR=0F80h-0FFFh -ABIGSFR=0F80h-0FFFh -ACONFIG=0300000h-030000Dh \
  -AIDLOC=0200000h-0200007h -AEEDATA=0F00000h-0F003FFh -peeprom_data=EEDATA \
  -preset_vec=00h,intcode,intcodelo,powerup,init -pramtop=01000h \
  -psmallconst=SMALLCONST -pmediumconst=MEDIUMCONST -pconst=CONST \
  -AFARRAM=00h-00h \
  -prdata=COMRAM,nvrram=COMRAM,nvbit=COMRAM,rbss=COMRAM,rbit=COMRAM \
  -pfarbss=FARRAM,fardata=FARRAM,nvFARRAM=FARRAM \
  -pintsave_regs=BIGRAM,bigbss=BIGRAM,bigdata=BIGRAM -pbss=RAM \
  -pidata=CODE,irdata=CODE,ibigdata=CODE,ifardata=CODE -prparam=COMRAM \
  C:\Users\szymo\AppData\Local\Temp\xcAs56s.o \
  dist/default/production\Sprawozdanie.X.production.o 

Object code version is 3.11

Machine type is 18F4620



                Name                               Link     Load   Length Selector   Space Scale
C:\Users\szymo\AppData\Local\Temp\xcAs56s.o
                idloc                            200000   200000        8        0       5
                config                           300000   300000        E        0       4
                init                                  0        0        4        0       0
dist/default/production\Sprawozdanie.X.production.o
                idloc                            200000   200000        8        0       5
                config                           300000   300000        E        0       4
                text13                             FC0E     FC0E       C4     7E07       0
                text12                             FB5E     FB5E       B0     7DAF       0
                text11                             F932     F932       6A     7C99       0
                text10                             F99C     F99C       6A     7CCE       0
                text9                              F844     F844        6     7C22       0
                text8                              F84A     F84A        6     7C25       0
                text7                              F89A     F89A       48     7C4D       0
                text6                              F850     F850       10     7C28       0
                text5                              F860     F860       10     7C30       0
                text4                              FA06     FA06       6A     7D03       0
                text3                              FA70     FA70       72     7D38       0
                text2                              F8E2     F8E2       50     7C71       0
                text1                              FAE2     FAE2       7C     7D71       0
                text0                              FCD2     FCD2      32E     7E69       0
                cstackCOMRAM                          1        1       11        1       1
                dataCOMRAM                           18       18        2        1       1
                bssCOMRAM                            12       12        6        1       1
                cinit                              F870     F870       2A     7C38       0
                idataCOMRAM                        F842     F842        2     F842       0

TOTAL           Name                               Link     Load   Length     Space
        CLASS   CODE           
                init                                  0        0        4         0
                text13                             FC0E     FC0E       C4         0
                text12                             FB5E     FB5E       B0         0
                text11                             F932     F932       6A         0
                text10                             F99C     F99C       6A         0
                text9                              F844     F844        6         0
                text8                              F84A     F84A        6         0
                text7                              F89A     F89A       48         0
                text6                              F850     F850       10         0
                text5                              F860     F860       10         0
                text4                              FA06     FA06       6A         0
                text3                              FA70     FA70       72         0
                text2                              F8E2     F8E2       50         0
                text1                              FAE2     FAE2       7C         0
                text0                              FCD2     FCD2      32E         0
                cinit                              F870     F870       2A         0
                idataCOMRAM                        F842     F842        2         0

        CLASS   CONST          

        CLASS   SMALLCONST     

        CLASS   MEDIUMCONST    

        CLASS   COMRAM         
                cstackCOMRAM                          1        1       11         1
                dataCOMRAM                           18       18        2         1
                bssCOMRAM                            12       12        6         1

        CLASS   ABS1           

        CLASS   BIGRAM         

        CLASS   RAM            

        CLASS   BANK0          

        CLASS   BANK1          

        CLASS   BANK2          

        CLASS   BANK3          

        CLASS   BANK4          

        CLASS   BANK5          

        CLASS   BANK6          

        CLASS   BANK7          

        CLASS   BANK8          

        CLASS   BANK9          

        CLASS   BANK10         

        CLASS   BANK11         

        CLASS   BANK12         

        CLASS   BANK13         

        CLASS   BANK14         

        CLASS   BANK15         

        CLASS   SFR            

        CLASS   BIGSFR         

        CLASS   CONFIG         
                config                           300000   300000        E         4

        CLASS   IDLOC          
                idloc                            200000   200000        8         5

        CLASS   EEDATA         

        CLASS   FARRAM         

        CLASS   HEAP           

        CLASS   STACK          



SEGMENTS        Name                           Load    Length   Top    Selector   Space  Class

                reset_vec                      000000  000004  000004         0       0  CODE    
                cstackCOMRAM                   000001  000019  00001A         1       1  COMRAM  
                idataCOMRAM                    00F842  000002  00F844      F842       0  CODE    
                text9                          00F844  000006  00F84A      7C22       0  CODE    
                text8                          00F84A  000006  00F850      7C25       0  CODE    
                text6                          00F850  000010  00F860      7C28       0  CODE    
                text5                          00F860  000010  00F870      7C30       0  CODE    
                cinit                          00F870  00002A  00F89A      7C38       0  CODE    
                text7                          00F89A  000048  00F8E2      7C4D       0  CODE    
                text2                          00F8E2  000050  00F932      7C71       0  CODE    
                text11                         00F932  00006A  00F99C      7C99       0  CODE    
                text10                         00F99C  00006A  00FA06      7CCE       0  CODE    
                text4                          00FA06  00006A  00FA70      7D03       0  CODE    
                text3                          00FA70  000072  00FAE2      7D38       0  CODE    
                text1                          00FAE2  00007C  00FB5E      7D71       0  CODE    
                text12                         00FB5E  0000B0  00FC0E      7DAF       0  CODE    
                text13                         00FC0E  0000C4  00FCD2      7E07       0  CODE    
                text0                          00FCD2  00032E  010000      7E69       0  CODE    


UNUSED ADDRESS RANGES

        Name                Unused          Largest block    Delta
        BANK0            000080-0000FF               80
        BANK1            000100-0001FF              100
        BANK10           000A00-000AFF              100
        BANK11           000B00-000BFF              100
        BANK12           000C00-000CFF              100
        BANK13           000D00-000DFF              100
        BANK14           000E00-000EFF              100
        BANK15           000F00-000F7F               80
        BANK2            000200-0002FF              100
        BANK3            000300-0003FF              100
        BANK4            000400-0004FF              100
        BANK5            000500-0005FF              100
        BANK6            000600-0006FF              100
        BANK7            000700-0007FF              100
        BANK8            000800-0008FF              100
        BANK9            000900-0009FF              100
        BIGRAM           00001A-000F7F              F66
        BIGSFR           000F80-000FFF               80
        CODE             000004-00F841             F83E
        COMRAM           00001A-00007F               66
        CONST            000004-00F841             F83E
        EEDATA           F00000-F003FF              400
        MEDIUMCONST      001000-00F841             E842
        RAM              000080-000F7F              100
        SFR              000F80-000FFF               80
        SMALLCONST       001000-00F841              100

                                  Symbol Table

?___awdiv                cstackCOMRAM 000001
?___awmod                cstackCOMRAM 000001
?_setTask                cstackCOMRAM 000001
_ADCON1                  (abs)        000FC1
_PORTB                   (abs)        000F81
_PORTBbits               (abs)        000F81
_PORTD                   (abs)        000F83
_TRISA                   (abs)        000F92
_TRISB                   (abs)        000F93
_TRISC                   (abs)        000F94
_TRISD                   (abs)        000F95
_TRISE                   (abs)        000F96
__HRAM                   (abs)        000000
__Habs1                  abs1         000000
__Hbank0                 bank0        000000
__Hbank1                 bank1        000000
__Hbank10                bank10       000000
__Hbank11                bank11       000000
__Hbank12                bank12       000000
__Hbank13                bank13       000000
__Hbank14                bank14       000000
__Hbank15                bank15       000000
__Hbank2                 bank2        000000
__Hbank3                 bank3        000000
__Hbank4                 bank4        000000
__Hbank5                 bank5        000000
__Hbank6                 bank6        000000
__Hbank7                 bank7        000000
__Hbank8                 bank8        000000
__Hbank9                 bank9        000000
__Hbigbss                bigbss       000000
__Hbigdata               bigdata      000000
__Hbigram                bigram       000000
__Hbigsfr                bigsfr       000000
__Hbss                   bss          000000
__HbssCOMRAM             bssCOMRAM    000000
__Hcinit                 cinit        000000
__Hclrtext               clrtext      000000
__Hcomram                comram       000000
__Hconfig                config       30000E
__Hconst                 const        000000
__HcstackCOMRAM          cstackCOMRAM 000000
__Hdata                  data         000000
__HdataCOMRAM            dataCOMRAM   000000
__Heeprom_data           eeprom_data  000000
__Hfarbss                farbss       000000
__Hfardata               fardata      000000
__Hheap                  heap         000000
__Hibigdata              ibigdata     000000
__Hidata                 idata        000000
__HidataCOMRAM           idataCOMRAM  000000
__Hidloc                 idloc        200008
__Hifardata              ifardata     000000
__Hinit                  init         000004
__Hintcode               intcode      000000
__Hintcode_body          intcode_body 000000
__Hintcodelo             intcodelo    000000
__Hintentry              intentry     000000
__Hintret                intret       000000
__Hintsave_regs          intsave_regs 000000
__Hirdata                irdata       000000
__Hmediumconst           mediumconst  000000
__HnvFARRAM              nvFARRAM     000000
__Hnvbit                 nvbit        000000
__Hnvrram                nvrram       000000
__Hparam                 rparam       000000
__Hpowerup               powerup      000000
__Hram                   ram          000000
__Hramtop                ramtop       001000
__Hrbit                  rbit         000000
__Hrbss                  rbss         000000
__Hrdata                 rdata        000000
__Hreset_vec             reset_vec    000000
__Hrparam                rparam       000000
__Hsfr                   sfr          000000
__Hsmallconst            smallconst   000000
__Hspace_0               (abs)        010000
__Hspace_1               (abs)        00001A
__Hspace_2               (abs)        000000
__Hspace_4               (abs)        60000E
__Hstack                 stack        000000
__Hstruct                struct       000000
__Htemp                  temp         000000
__Htext                  text         000000
__Htext0                 text0        000000
__Htext1                 text1        000000
__Htext10                text10       000000
__Htext11                text11       000000
__Htext12                text12       000000
__Htext13                text13       000000
__Htext2                 text2        000000
__Htext3                 text3        000000
__Htext4                 text4        000000
__Htext5                 text5        000000
__Htext6                 text6        000000
__Htext7                 text7        000000
__Htext8                 text8        000000
__Htext9                 text9        000000
__LRAM                   (abs)        000001
__Labs1                  abs1         000000
__Lbank0                 bank0        000000
__Lbank1                 bank1        000000
__Lbank10                bank10       000000
__Lbank11                bank11       000000
__Lbank12                bank12       000000
__Lbank13                bank13       000000
__Lbank14                bank14       000000
__Lbank15                bank15       000000
__Lbank2                 bank2        000000
__Lbank3                 bank3        000000
__Lbank4                 bank4        000000
__Lbank5                 bank5        000000
__Lbank6                 bank6        000000
__Lbank7                 bank7        000000
__Lbank8                 bank8        000000
__Lbank9                 bank9        000000
__Lbigbss                bigbss       000000
__Lbigdata               bigdata      000000
__Lbigram                bigram       000000
__Lbigsfr                bigsfr       000000
__Lbss                   bss          000000
__LbssCOMRAM             bssCOMRAM    000000
__Lcinit                 cinit        000000
__Lclrtext               clrtext      000000
__Lcomram                comram       000000
__Lconfig                config       000000
__Lconst                 const        000000
__LcstackCOMRAM          cstackCOMRAM 000000
__Ldata                  data         000000
__LdataCOMRAM            dataCOMRAM   000000
__Leeprom_data           eeprom_data  000000
__Lfarbss                farbss       000000
__Lfardata               fardata      000000
__Lheap                  heap         000000
__Libigdata              ibigdata     000000
__Lidata                 idata        000000
__LidataCOMRAM           idataCOMRAM  000000
__Lidloc                 idloc        000000
__Lifardata              ifardata     000000
__Linit                  init         000000
__Lintcode               intcode      000000
__Lintcode_body          intcode_body 000000
__Lintcodelo             intcodelo    000000
__Lintentry              intentry     000000
__Lintret                intret       000000
__Lintsave_regs          intsave_regs 000000
__Lirdata                irdata       000000
__Lmediumconst           mediumconst  000000
__LnvFARRAM              nvFARRAM     000000
__Lnvbit                 nvbit        000000
__Lnvrram                nvrram       000000
__Lparam                 rparam       000000
__Lpowerup               powerup      000000
__Lram                   ram          000000
__Lramtop                ramtop       001000
__Lrbit                  rbit         000000
__Lrbss                  rbss         000000
__Lrdata                 rdata        000000
__Lreset_vec             reset_vec    000000
__Lrparam                rparam       000000
__Lsfr                   sfr          000000
__Lsmallconst            smallconst   000000
__Lspace_0               (abs)        000000
__Lspace_1               (abs)        000000
__Lspace_2               (abs)        000000
__Lspace_4               (abs)        000000
__Lstack                 stack        000000
__Lstruct                struct       000000
__Ltemp                  temp         000000
__Ltext                  text         000000
__Ltext0                 text0        000000
__Ltext1                 text1        000000
__Ltext10                text10       000000
__Ltext11                text11       000000
__Ltext12                text12       000000
__Ltext13                text13       000000
__Ltext2                 text2        000000
__Ltext3                 text3        000000
__Ltext4                 text4        000000
__Ltext5                 text5        000000
__Ltext6                 text6        000000
__Ltext7                 text7        000000
__Ltext8                 text8        000000
__Ltext9                 text9        000000
__S0                     (abs)        010000
__S1                     (abs)        00001A
__S4                     (abs)        000000
__S5                     (abs)        000000
___awdiv                 text13       00FC0E
___awdiv@counter         cstackCOMRAM 000005
___awdiv@dividend        cstackCOMRAM 000001
___awdiv@divisor         cstackCOMRAM 000003
___awdiv@quotient        cstackCOMRAM 000007
___awdiv@sign            cstackCOMRAM 000006
___awmod                 text12       00FB5E
___awmod@counter         cstackCOMRAM 000005
___awmod@dividend        cstackCOMRAM 000001
___awmod@divisor         cstackCOMRAM 000003
___awmod@sign            cstackCOMRAM 000006
___heap_hi               (abs)        000000
___heap_lo               (abs)        000000
___inthi_sp              stack        000000
___intlo_sp              stack        000000
___param_bank            (abs)        000000
___rparam_used           (abs)        000001
___sp                    stack        000000
__accesstop              (abs)        000080
__activetblptr           (abs)        000000
__end_of___awdiv         text13       00FCD2
__end_of___awmod         text12       00FC0E
__end_of__initialization cinit        00F894
__end_of_bcd_down        text11       00F99C
__end_of_bcd_up          text10       00FA06
__end_of_bin_down        text9        00F84A
__end_of_bin_up          text8        00F850
__end_of_delay           text7        00F8E2
__end_of_grey_down       text6        00F860
__end_of_grey_up         text5        00F870
__end_of_main            text0        010000
__end_of_prng            text4        00FA70
__end_of_setDisplay      text3        00FAE2
__end_of_setTask         text2        00F932
__end_of_snake           text1        00FB5E
__initialization         cinit        00F870
__mediumconst            mediumconst  000000
__pbssCOMRAM             bssCOMRAM    000012
__pcinit                 cinit        00F870
__pcstackCOMRAM          cstackCOMRAM 000001
__pdataCOMRAM            dataCOMRAM   000018
__pidataCOMRAM           idataCOMRAM  00F842
__ptext0                 text0        00FCD2
__ptext1                 text1        00FAE2
__ptext10                text10       00F99C
__ptext11                text11       00F932
__ptext12                text12       00FB5E
__ptext13                text13       00FC0E
__ptext2                 text2        00F8E2
__ptext3                 text3        00FA70
__ptext4                 text4        00FA06
__ptext5                 text5        00F860
__ptext6                 text6        00F850
__ptext7                 text7        00F89A
__ptext8                 text8        00F84A
__ptext9                 text9        00F844
__ramtop                 ramtop       001000
__smallconst             smallconst   000000
_added                   bssCOMRAM    000012
_bcd                     bssCOMRAM    000016
_bcd_down                text11       00F932
_bcd_up                  text10       00F99C
_bin_down                text9        00F844
_bin_up                  text8        00F84A
_delay                   text7        00F89A
_direction               dataCOMRAM   000018
_grey                    bssCOMRAM    000017
_grey_down               text6        00F850
_grey_up                 text5        00F860
_main                    text0        00FCD2
_prng                    text4        00FA06
_setDisplay              text3        00FA70
_setTask                 text2        00F8E2
_snake                   text1        00FAE2
_sum                     bssCOMRAM    000014
bcd_down@display         cstackCOMRAM 00000B
bcd_up@display           cstackCOMRAM 00000B
bin_down@display         cstackCOMRAM 000001
bin_up@display           cstackCOMRAM 000001
delay@i                  cstackCOMRAM 000003
delay@j                  cstackCOMRAM 000005
delay@ms                 cstackCOMRAM 000001
end_of_initialization    cinit        00F894
grey_down@display        cstackCOMRAM 000001
grey_up@display          cstackCOMRAM 000001
intlevel0                text         000000
intlevel1                text         000000
intlevel2                text         000000
intlevel3                text         000000
isa$std                  (abs)        000001
isa$xinst                (abs)        000000
main@display             cstackCOMRAM 00000F
main@i                   cstackCOMRAM 00000D
main@task                cstackCOMRAM 000010
prng@ans                 cstackCOMRAM 000006
prng@display             cstackCOMRAM 00000A
prng@xored               cstackCOMRAM 000008
setDisplay@task          cstackCOMRAM 000001
setTask@change           cstackCOMRAM 000003
setTask@task             cstackCOMRAM 000001
snake@display            cstackCOMRAM 000001
stackhi                  (abs)        000000
stacklo                  (abs)        000000
start                    init         000000
start_initialization     cinit        00F870


MODULE INFORMATION

Module		Function		Class		Link	Load	Size
C:\Program Files\Microchip\xc8\v2.36\pic\sources\c99\common\awmod.c
		___awmod       		CODE           	FB5E	0000	176

C:\Program Files\Microchip\xc8\v2.36\pic\sources\c99\common\awmod.c estimated size: 176

C:\Program Files\Microchip\xc8\v2.36\pic\sources\c99\common\awdiv.c
		___awdiv       		CODE           	FC0E	0000	196

C:\Program Files\Microchip\xc8\v2.36\pic\sources\c99\common\awdiv.c estimated size: 196

shared
		__initialization		CODE           	F870	0000	36

shared estimated size: 36

main.c
		_grey_up       		CODE           	F860	0000	16
		_delay         		CODE           	F89A	0000	72
		_main          		CODE           	FCD2	0000	814
		_prng          		CODE           	FA06	0000	106
		_bcd_up        		CODE           	F99C	0000	106
		_snake         		CODE           	FAE2	0000	124
		_grey_down     		CODE           	F850	0000	16
		_bin_down      		CODE           	F844	0000	6
		_setTask       		CODE           	F8E2	0000	80
		_bin_up        		CODE           	F84A	0000	6
		_bcd_down      		CODE           	F932	0000	106
		_setDisplay    		CODE           	FA70	0000	114

main.c estimated size: 1566

