Microchip MPLAB XC8 Compiler V2.36

Linker command line:

-W-3 --edf=C:\Program Files\Microchip\xc8\v2.36\pic\dat\en_msgs.txt -cn \
  -h+dist/default/production\Sprawozdanie.X.production.sym \
  --cmf=dist/default/production\Sprawozdanie.X.production.cmf -z -Q18F4620 \
  -oC:\Users\szymo\AppData\Local\Temp\xcAsip4.4 --defsym=__MPLAB_BUILD=1 \
  -Mdist/default/production/Sprawozdanie.X.production.map \
  --md=C:\Users\szymo\AppData\Local\Temp\xcAsip4.dat -E1 -ver=XC8 Compiler \
  --acfsm=1493 -ACODE=00h-0FFFFh -ACONST=00h-0FFFFh \
  -ASMALLCONST=01000h-010FFhx240 -AMEDIUMCONST=01000h-0FFFFh \
  -ACOMRAM=01h-07Fh -AABS1=00h-0F7Fh -ABIGRAM=01h-0F7Fh \
  -ARAM=080h-0FFh,0100h-01FFhx14,0F00h-0F7Fh -ABANK0=080h-0FFh \
  -ABANK1=0100h-01FFh -ABANK2=0200h-02FFh -ABANK3=0300h-03FFh \
  -ABANK4=0400h-04FFh -ABANK5=0500h-05FFh -ABANK6=0600h-06FFh \
  -ABANK7=0700h-07FFh -ABANK8=0800h-08FFh -ABANK9=0900h-09FFh \
  -ABANK10=0A00h-0AFFh -ABANK11=0B00h-0BFFh -ABANK12=0C00h-0CFFh \
  -ABANK13=0D00h-0DFFh -ABANK14=0E00h-0EFFh -ABANK15=0F00h-0F7Fh \
  -ASFR=0F80h-0FFFh -ABIGSFR=0F80h-0FFFh -ACONFIG=0300000h-030000Dh \
  -AIDLOC=0200000h-0200007h -AEEDATA=0F00000h-0F003FFh -peeprom_data=EEDATA \
  -preset_vec=00h,intcode,intcodelo,powerup,init -pramtop=01000h \
  -psmallconst=SMALLCONST -pmediumconst=MEDIUMCONST -pconst=CONST \
  -AFARRAM=00h-00h \
  -prdata=COMRAM,nvrram=COMRAM,nvbit=COMRAM,rbss=COMRAM,rbit=COMRAM \
  -pfarbss=FARRAM,fardata=FARRAM,nvFARRAM=FARRAM \
  -pintsave_regs=BIGRAM,bigbss=BIGRAM,bigdata=BIGRAM -pbss=RAM \
  -pidata=CODE,irdata=CODE,ibigdata=CODE,ifardata=CODE -prparam=COMRAM \
  C:\Users\szymo\AppData\Local\Temp\xcAsip4.o \
  dist/default/production\Sprawozdanie.X.production.o 

Object code version is 3.11

Machine type is 18F4620



                Name                               Link     Load   Length Selector   Space Scale
C:\Users\szymo\AppData\Local\Temp\xcAsip4.o
                idloc                            200000   200000        8        0       5
                config                           300000   300000        E        0       4
                init                                  0        0        4        0       0
dist/default/production\Sprawozdanie.X.production.o
                idloc                            200000   200000        8        0       5
                config                           300000   300000        E        0       4
                text12                             FC2A     FC2A       C4     7E15       0
                text11                             FB7A     FB7A       B0     7DBD       0
                text10                             F9B8     F9B8       6A     7CDC       0
                text9                              FA22     FA22       6A     7D11       0
                text8                              F8CA     F8CA        6     7C65       0
                text7                              F8D0     F8D0        6     7C68       0
                text6                              F920     F920       48     7C90       0
                text5                              F8D6     F8D6       10     7C6B       0
                text4                              F8E6     F8E6       10     7C73       0
                text3                              FA8C     FA8C       72     7D46       0
                text2                              F968     F968       50     7CB4       0
                text1                              FAFE     FAFE       7C     7D7F       0
                text0                              FCEE     FCEE      312     7E77       0
                cstackCOMRAM                          1        1       11        1       1
                dataCOMRAM                           18       18        2        1       1
                bssCOMRAM                            12       12        6        1       1
                cinit                              F8F6     F8F6       2A     7C7B       0
                idataCOMRAM                        F8C8     F8C8        2     F8C8       0

TOTAL           Name                               Link     Load   Length     Space
        CLASS   CODE           
                init                                  0        0        4         0
                text12                             FC2A     FC2A       C4         0
                text11                             FB7A     FB7A       B0         0
                text10                             F9B8     F9B8       6A         0
                text9                              FA22     FA22       6A         0
                text8                              F8CA     F8CA        6         0
                text7                              F8D0     F8D0        6         0
                text6                              F920     F920       48         0
                text5                              F8D6     F8D6       10         0
                text4                              F8E6     F8E6       10         0
                text3                              FA8C     FA8C       72         0
                text2                              F968     F968       50         0
                text1                              FAFE     FAFE       7C         0
                text0                              FCEE     FCEE      312         0
                cinit                              F8F6     F8F6       2A         0
                idataCOMRAM                        F8C8     F8C8        2         0

        CLASS   CONST          

        CLASS   SMALLCONST     

        CLASS   MEDIUMCONST    

        CLASS   COMRAM         
                cstackCOMRAM                          1        1       11         1
                dataCOMRAM                           18       18        2         1
                bssCOMRAM                            12       12        6         1

        CLASS   ABS1           

        CLASS   BIGRAM         

        CLASS   RAM            

        CLASS   BANK0          

        CLASS   BANK1          

        CLASS   BANK2          

        CLASS   BANK3          

        CLASS   BANK4          

        CLASS   BANK5          

        CLASS   BANK6          

        CLASS   BANK7          

        CLASS   BANK8          

        CLASS   BANK9          

        CLASS   BANK10         

        CLASS   BANK11         

        CLASS   BANK12         

        CLASS   BANK13         

        CLASS   BANK14         

        CLASS   BANK15         

        CLASS   SFR            

        CLASS   BIGSFR         

        CLASS   CONFIG         
                config                           300000   300000        E         4

        CLASS   IDLOC          
                idloc                            200000   200000        8         5

        CLASS   EEDATA         

        CLASS   FARRAM         

        CLASS   HEAP           

        CLASS   STACK          



SEGMENTS        Name                           Load    Length   Top    Selector   Space  Class

                reset_vec                      000000  000004  000004         0       0  CODE    
                cstackCOMRAM                   000001  000019  00001A         1       1  COMRAM  
                idataCOMRAM                    00F8C8  000002  00F8CA      F8C8       0  CODE    
                text8                          00F8CA  000006  00F8D0      7C65       0  CODE    
                text7                          00F8D0  000006  00F8D6      7C68       0  CODE    
                text5                          00F8D6  000010  00F8E6      7C6B       0  CODE    
                text4                          00F8E6  000010  00F8F6      7C73       0  CODE    
                cinit                          00F8F6  00002A  00F920      7C7B       0  CODE    
                text6                          00F920  000048  00F968      7C90       0  CODE    
                text2                          00F968  000050  00F9B8      7CB4       0  CODE    
                text10                         00F9B8  00006A  00FA22      7CDC       0  CODE    
                text9                          00FA22  00006A  00FA8C      7D11       0  CODE    
                text3                          00FA8C  000072  00FAFE      7D46       0  CODE    
                text1                          00FAFE  00007C  00FB7A      7D7F       0  CODE    
                text11                         00FB7A  0000B0  00FC2A      7DBD       0  CODE    
                text12                         00FC2A  0000C4  00FCEE      7E15       0  CODE    
                text0                          00FCEE  000312  010000      7E77       0  CODE    


UNUSED ADDRESS RANGES

        Name                Unused          Largest block    Delta
        BANK0            000080-0000FF               80
        BANK1            000100-0001FF              100
        BANK10           000A00-000AFF              100
        BANK11           000B00-000BFF              100
        BANK12           000C00-000CFF              100
        BANK13           000D00-000DFF              100
        BANK14           000E00-000EFF              100
        BANK15           000F00-000F7F               80
        BANK2            000200-0002FF              100
        BANK3            000300-0003FF              100
        BANK4            000400-0004FF              100
        BANK5            000500-0005FF              100
        BANK6            000600-0006FF              100
        BANK7            000700-0007FF              100
        BANK8            000800-0008FF              100
        BANK9            000900-0009FF              100
        BIGRAM           00001A-000F7F              F66
        BIGSFR           000F80-000FFF               80
        CODE             000004-00F8C7             F8C4
        COMRAM           00001A-00007F               66
        CONST            000004-00F8C7             F8C4
        EEDATA           F00000-F003FF              400
        MEDIUMCONST      001000-00F8C7             E8C8
        RAM              000080-000F7F              100
        SFR              000F80-000FFF               80
        SMALLCONST       001000-00F8C7              100

                                  Symbol Table

?___awdiv                cstackCOMRAM 000001
?___awmod                cstackCOMRAM 000001
?_setTask                cstackCOMRAM 000001
_ADCON1                  (abs)        000FC1
_PORTB                   (abs)        000F81
_PORTBbits               (abs)        000F81
_PORTD                   (abs)        000F83
_TRISA                   (abs)        000F92
_TRISB                   (abs)        000F93
_TRISC                   (abs)        000F94
_TRISD                   (abs)        000F95
_TRISE                   (abs)        000F96
__HRAM                   (abs)        000000
__Habs1                  abs1         000000
__Hbank0                 bank0        000000
__Hbank1                 bank1        000000
__Hbank10                bank10       000000
__Hbank11                bank11       000000
__Hbank12                bank12       000000
__Hbank13                bank13       000000
__Hbank14                bank14       000000
__Hbank15                bank15       000000
__Hbank2                 bank2        000000
__Hbank3                 bank3        000000
__Hbank4                 bank4        000000
__Hbank5                 bank5        000000
__Hbank6                 bank6        000000
__Hbank7                 bank7        000000
__Hbank8                 bank8        000000
__Hbank9                 bank9        000000
__Hbigbss                bigbss       000000
__Hbigdata               bigdata      000000
__Hbigram                bigram       000000
__Hbigsfr                bigsfr       000000
__Hbss                   bss          000000
__HbssCOMRAM             bssCOMRAM    000000
__Hcinit                 cinit        000000
__Hclrtext               clrtext      000000
__Hcomram                comram       000000
__Hconfig                config       30000E
__Hconst                 const        000000
__HcstackCOMRAM          cstackCOMRAM 000000
__Hdata                  data         000000
__HdataCOMRAM            dataCOMRAM   000000
__Heeprom_data           eeprom_data  000000
__Hfarbss                farbss       000000
__Hfardata               fardata      000000
__Hheap                  heap         000000
__Hibigdata              ibigdata     000000
__Hidata                 idata        000000
__HidataCOMRAM           idataCOMRAM  000000
__Hidloc                 idloc        200008
__Hifardata              ifardata     000000
__Hinit                  init         000004
__Hintcode               intcode      000000
__Hintcode_body          intcode_body 000000
__Hintcodelo             intcodelo    000000
__Hintentry              intentry     000000
__Hintret                intret       000000
__Hintsave_regs          intsave_regs 000000
__Hirdata                irdata       000000
__Hmediumconst           mediumconst  000000
__HnvFARRAM              nvFARRAM     000000
__Hnvbit                 nvbit        000000
__Hnvrram                nvrram       000000
__Hparam                 rparam       000000
__Hpowerup               powerup      000000
__Hram                   ram          000000
__Hramtop                ramtop       001000
__Hrbit                  rbit         000000
__Hrbss                  rbss         000000
__Hrdata                 rdata        000000
__Hreset_vec             reset_vec    000000
__Hrparam                rparam       000000
__Hsfr                   sfr          000000
__Hsmallconst            smallconst   000000
__Hspace_0               (abs)        010000
__Hspace_1               (abs)        00001A
__Hspace_2               (abs)        000000
__Hspace_4               (abs)        60000E
__Hstack                 stack        000000
__Hstruct                struct       000000
__Htemp                  temp         000000
__Htext                  text         000000
__Htext0                 text0        000000
__Htext1                 text1        000000
__Htext10                text10       000000
__Htext11                text11       000000
__Htext12                text12       000000
__Htext2                 text2        000000
__Htext3                 text3        000000
__Htext4                 text4        000000
__Htext5                 text5        000000
__Htext6                 text6        000000
__Htext7                 text7        000000
__Htext8                 text8        000000
__Htext9                 text9        000000
__LRAM                   (abs)        000001
__Labs1                  abs1         000000
__Lbank0                 bank0        000000
__Lbank1                 bank1        000000
__Lbank10                bank10       000000
__Lbank11                bank11       000000
__Lbank12                bank12       000000
__Lbank13                bank13       000000
__Lbank14                bank14       000000
__Lbank15                bank15       000000
__Lbank2                 bank2        000000
__Lbank3                 bank3        000000
__Lbank4                 bank4        000000
__Lbank5                 bank5        000000
__Lbank6                 bank6        000000
__Lbank7                 bank7        000000
__Lbank8                 bank8        000000
__Lbank9                 bank9        000000
__Lbigbss                bigbss       000000
__Lbigdata               bigdata      000000
__Lbigram                bigram       000000
__Lbigsfr                bigsfr       000000
__Lbss                   bss          000000
__LbssCOMRAM             bssCOMRAM    000000
__Lcinit                 cinit        000000
__Lclrtext               clrtext      000000
__Lcomram                comram       000000
__Lconfig                config       000000
__Lconst                 const        000000
__LcstackCOMRAM          cstackCOMRAM 000000
__Ldata                  data         000000
__LdataCOMRAM            dataCOMRAM   000000
__Leeprom_data           eeprom_data  000000
__Lfarbss                farbss       000000
__Lfardata               fardata      000000
__Lheap                  heap         000000
__Libigdata              ibigdata     000000
__Lidata                 idata        000000
__LidataCOMRAM           idataCOMRAM  000000
__Lidloc                 idloc        000000
__Lifardata              ifardata     000000
__Linit                  init         000000
__Lintcode               intcode      000000
__Lintcode_body          intcode_body 000000
__Lintcodelo             intcodelo    000000
__Lintentry              intentry     000000
__Lintret                intret       000000
__Lintsave_regs          intsave_regs 000000
__Lirdata                irdata       000000
__Lmediumconst           mediumconst  000000
__LnvFARRAM              nvFARRAM     000000
__Lnvbit                 nvbit        000000
__Lnvrram                nvrram       000000
__Lparam                 rparam       000000
__Lpowerup               powerup      000000
__Lram                   ram          000000
__Lramtop                ramtop       001000
__Lrbit                  rbit         000000
__Lrbss                  rbss         000000
__Lrdata                 rdata        000000
__Lreset_vec             reset_vec    000000
__Lrparam                rparam       000000
__Lsfr                   sfr          000000
__Lsmallconst            smallconst   000000
__Lspace_0               (abs)        000000
__Lspace_1               (abs)        000000
__Lspace_2               (abs)        000000
__Lspace_4               (abs)        000000
__Lstack                 stack        000000
__Lstruct                struct       000000
__Ltemp                  temp         000000
__Ltext                  text         000000
__Ltext0                 text0        000000
__Ltext1                 text1        000000
__Ltext10                text10       000000
__Ltext11                text11       000000
__Ltext12                text12       000000
__Ltext2                 text2        000000
__Ltext3                 text3        000000
__Ltext4                 text4        000000
__Ltext5                 text5        000000
__Ltext6                 text6        000000
__Ltext7                 text7        000000
__Ltext8                 text8        000000
__Ltext9                 text9        000000
__S0                     (abs)        010000
__S1                     (abs)        00001A
__S4                     (abs)        000000
__S5                     (abs)        000000
___awdiv                 text12       00FC2A
___awdiv@counter         cstackCOMRAM 000005
___awdiv@dividend        cstackCOMRAM 000001
___awdiv@divisor         cstackCOMRAM 000003
___awdiv@quotient        cstackCOMRAM 000007
___awdiv@sign            cstackCOMRAM 000006
___awmod                 text11       00FB7A
___awmod@counter         cstackCOMRAM 000005
___awmod@dividend        cstackCOMRAM 000001
___awmod@divisor         cstackCOMRAM 000003
___awmod@sign            cstackCOMRAM 000006
___heap_hi               (abs)        000000
___heap_lo               (abs)        000000
___inthi_sp              stack        000000
___intlo_sp              stack        000000
___param_bank            (abs)        000000
___rparam_used           (abs)        000001
___sp                    stack        000000
__accesstop              (abs)        000080
__activetblptr           (abs)        000000
__end_of___awdiv         text12       00FCEE
__end_of___awmod         text11       00FC2A
__end_of__initialization cinit        00F91A
__end_of_bcd_down        text10       00FA22
__end_of_bcd_up          text9        00FA8C
__end_of_bin_down        text8        00F8D0
__end_of_bin_up          text7        00F8D6
__end_of_delay           text6        00F968
__end_of_grey_down       text5        00F8E6
__end_of_grey_up         text4        00F8F6
__end_of_main            text0        010000
__end_of_setDisplay      text3        00FAFE
__end_of_setTask         text2        00F9B8
__end_of_snake           text1        00FB7A
__initialization         cinit        00F8F6
__mediumconst            mediumconst  000000
__pbssCOMRAM             bssCOMRAM    000012
__pcinit                 cinit        00F8F6
__pcstackCOMRAM          cstackCOMRAM 000001
__pdataCOMRAM            dataCOMRAM   000018
__pidataCOMRAM           idataCOMRAM  00F8C8
__ptext0                 text0        00FCEE
__ptext1                 text1        00FAFE
__ptext10                text10       00F9B8
__ptext11                text11       00FB7A
__ptext12                text12       00FC2A
__ptext2                 text2        00F968
__ptext3                 text3        00FA8C
__ptext4                 text4        00F8E6
__ptext5                 text5        00F8D6
__ptext6                 text6        00F920
__ptext7                 text7        00F8D0
__ptext8                 text8        00F8CA
__ptext9                 text9        00FA22
__ramtop                 ramtop       001000
__smallconst             smallconst   000000
_added                   bssCOMRAM    000012
_bcd                     bssCOMRAM    000016
_bcd_down                text10       00F9B8
_bcd_up                  text9        00FA22
_bin_down                text8        00F8CA
_bin_up                  text7        00F8D0
_delay                   text6        00F920
_direction               dataCOMRAM   000018
_grey                    bssCOMRAM    000017
_grey_down               text5        00F8D6
_grey_up                 text4        00F8E6
_main                    text0        00FCEE
_setDisplay              text3        00FA8C
_setTask                 text2        00F968
_snake                   text1        00FAFE
_sum                     bssCOMRAM    000014
bcd_down@display         cstackCOMRAM 00000B
bcd_up@display           cstackCOMRAM 00000B
bin_down@display         cstackCOMRAM 000001
bin_up@display           cstackCOMRAM 000001
delay@i                  cstackCOMRAM 000003
delay@j                  cstackCOMRAM 000005
delay@ms                 cstackCOMRAM 000001
end_of_initialization    cinit        00F91A
grey_down@display        cstackCOMRAM 000001
grey_up@display          cstackCOMRAM 000001
intlevel0                text         000000
intlevel1                text         000000
intlevel2                text         000000
intlevel3                text         000000
isa$std                  (abs)        000001
isa$xinst                (abs)        000000
main@display             cstackCOMRAM 00000F
main@i                   cstackCOMRAM 00000D
main@task                cstackCOMRAM 000010
setDisplay@task          cstackCOMRAM 000001
setTask@change           cstackCOMRAM 000003
setTask@task             cstackCOMRAM 000001
snake@display            cstackCOMRAM 000001
stackhi                  (abs)        000000
stacklo                  (abs)        000000
start                    init         000000
start_initialization     cinit        00F8F6


MODULE INFORMATION

Module		Function		Class		Link	Load	Size
C:\Program Files\Microchip\xc8\v2.36\pic\sources\c99\common\awmod.c
		___awmod       		CODE           	FB7A	0000	176

C:\Program Files\Microchip\xc8\v2.36\pic\sources\c99\common\awmod.c estimated size: 176

C:\Program Files\Microchip\xc8\v2.36\pic\sources\c99\common\awdiv.c
		___awdiv       		CODE           	FC2A	0000	196

C:\Program Files\Microchip\xc8\v2.36\pic\sources\c99\common\awdiv.c estimated size: 196

shared
		__initialization		CODE           	F8F6	0000	36

shared estimated size: 36

main.c
		_grey_up       		CODE           	F8E6	0000	16
		_delay         		CODE           	F920	0000	72
		_main          		CODE           	FCEE	0000	786
		_bcd_up        		CODE           	FA22	0000	106
		_snake         		CODE           	FAFE	0000	124
		_grey_down     		CODE           	F8D6	0000	16
		_bin_down      		CODE           	F8CA	0000	6
		_setTask       		CODE           	F968	0000	80
		_bin_up        		CODE           	F8D0	0000	6
		_bcd_down      		CODE           	F9B8	0000	106
		_setDisplay    		CODE           	FA8C	0000	114

main.c estimated size: 1432

