Microchip MPLAB XC8 Compiler V2.36

Linker command line:

-W-3 --edf=C:\Program Files\Microchip\xc8\v2.36\pic\dat\en_msgs.txt -cn \
  -h+dist/default/production\zadanie5.X.production.sym \
  --cmf=dist/default/production\zadanie5.X.production.cmf -z -Q18F4620 \
  -oC:\Users\szymo\AppData\Local\Temp\xcAs32g.4 --defsym=__MPLAB_BUILD=1 \
  -Mdist/default/production/zadanie5.X.production.map \
  --md=C:\Users\szymo\AppData\Local\Temp\xcAs32g.dat -E1 -ver=XC8 Compiler \
  --acfsm=1493 -ACODE=00h-0FFFFh -ACONST=00h-0FFFFh \
  -ASMALLCONST=01000h-010FFhx240 -AMEDIUMCONST=01000h-0FFFFh \
  -ACOMRAM=01h-07Fh -AABS1=00h-0F7Fh -ABIGRAM=01h-0F7Fh \
  -ARAM=080h-0FFh,0100h-01FFhx14,0F00h-0F7Fh -ABANK0=080h-0FFh \
  -ABANK1=0100h-01FFh -ABANK2=0200h-02FFh -ABANK3=0300h-03FFh \
  -ABANK4=0400h-04FFh -ABANK5=0500h-05FFh -ABANK6=0600h-06FFh \
  -ABANK7=0700h-07FFh -ABANK8=0800h-08FFh -ABANK9=0900h-09FFh \
  -ABANK10=0A00h-0AFFh -ABANK11=0B00h-0BFFh -ABANK12=0C00h-0CFFh \
  -ABANK13=0D00h-0DFFh -ABANK14=0E00h-0EFFh -ABANK15=0F00h-0F7Fh \
  -ASFR=0F80h-0FFFh -ABIGSFR=0F80h-0FFFh -ACONFIG=0300000h-030000Dh \
  -AIDLOC=0200000h-0200007h -AEEDATA=0F00000h-0F003FFh -peeprom_data=EEDATA \
  -preset_vec=00h,intcode,intcodelo,powerup,init -pramtop=01000h \
  -psmallconst=SMALLCONST -pmediumconst=MEDIUMCONST -pconst=CONST \
  -AFARRAM=00h-00h \
  -prdata=COMRAM,nvrram=COMRAM,nvbit=COMRAM,rbss=COMRAM,rbit=COMRAM \
  -pfarbss=FARRAM,fardata=FARRAM,nvFARRAM=FARRAM \
  -pintsave_regs=BIGRAM,bigbss=BIGRAM,bigdata=BIGRAM -pbss=RAM \
  -pidata=CODE,irdata=CODE,ibigdata=CODE,ifardata=CODE -prparam=COMRAM \
  C:\Users\szymo\AppData\Local\Temp\xcAs32g.o \
  dist/default/production\zadanie5.X.production.o 

Object code version is 3.11

Machine type is 18F4620



                Name                               Link     Load   Length Selector   Space Scale
C:\Users\szymo\AppData\Local\Temp\xcAs32g.o
                idloc                            200000   200000        8        0       5
                config                           300000   300000        E        0       4
                init                                  0        0        4        0       0
dist/default/production\zadanie5.X.production.o
                idloc                            200000   200000        8        0       5
                config                           300000   300000        E        0       4
                smallconst                         1000     1000       46      800       0
                text7                              13B2     13B2       48      823       0
                text6                              1466     1466        8      A21       0
                text5                              1454     1454       12      A21       0
                text4                              1356     1356       5C      823       0
                text3                              1442     1442       12      A21       0
                text2                              1274     1274       7C      823       0
                text1                              12F0     12F0       66      823       0
                text0                              1046     1046      22E      823       0
                cstackCOMRAM                         1E       1E       17        1       1
                dataCOMRAM                            1        1       1D        1       1
                cinit                              13FA     13FA       2A      823       0
                idataCOMRAM                        1424     1424       1D      823       0

TOTAL           Name                               Link     Load   Length     Space
        CLASS   CODE           
                init                                  0        0        4         0
                text7                              13B2     13B2       48         0
                text6                              1466     1466        8         0
                text5                              1454     1454       12         0
                text4                              1356     1356       5C         0
                text3                              1442     1442       12         0
                text2                              1274     1274       7C         0
                text1                              12F0     12F0       66         0
                text0                              1046     1046      22E         0
                cinit                              13FA     13FA       2A         0
                idataCOMRAM                        1424     1424       1D         0

        CLASS   CONST          

        CLASS   SMALLCONST     
                smallconst                         1000     1000       46         0

        CLASS   MEDIUMCONST    

        CLASS   COMRAM         
                cstackCOMRAM                         1E       1E       17         1
                dataCOMRAM                            1        1       1D         1

        CLASS   ABS1           

        CLASS   BIGRAM         

        CLASS   RAM            

        CLASS   BANK0          

        CLASS   BANK1          

        CLASS   BANK2          

        CLASS   BANK3          

        CLASS   BANK4          

        CLASS   BANK5          

        CLASS   BANK6          

        CLASS   BANK7          

        CLASS   BANK8          

        CLASS   BANK9          

        CLASS   BANK10         

        CLASS   BANK11         

        CLASS   BANK12         

        CLASS   BANK13         

        CLASS   BANK14         

        CLASS   BANK15         

        CLASS   SFR            

        CLASS   BIGSFR         

        CLASS   CONFIG         
                config                           300000   300000        E         4

        CLASS   IDLOC          
                idloc                            200000   200000        8         5

        CLASS   EEDATA         

        CLASS   FARRAM         

        CLASS   HEAP           

        CLASS   STACK          



SEGMENTS        Name                           Load    Length   Top    Selector   Space  Class

                reset_vec                      000000  000004  000004         0       0  CODE    
                dataCOMRAM                     000001  000034  000035         1       1  COMRAM  
                smallconst                     001000  000046  001046       800       0  SMALLCON
                text0                          001046  0003FB  001441       823       0  CODE    
                text3                          001442  00002C  00146E       A21       0  CODE    


UNUSED ADDRESS RANGES

        Name                Unused          Largest block    Delta
        BANK0            000080-0000FF               80
        BANK1            000100-0001FF              100
        BANK10           000A00-000AFF              100
        BANK11           000B00-000BFF              100
        BANK12           000C00-000CFF              100
        BANK13           000D00-000DFF              100
        BANK14           000E00-000EFF              100
        BANK15           000F00-000F7F               80
        BANK2            000200-0002FF              100
        BANK3            000300-0003FF              100
        BANK4            000400-0004FF              100
        BANK5            000500-0005FF              100
        BANK6            000600-0006FF              100
        BANK7            000700-0007FF              100
        BANK8            000800-0008FF              100
        BANK9            000900-0009FF              100
        BIGRAM           000035-000F7F              F4B
        BIGSFR           000F80-000FFF               80
        CODE             000004-000FFF              FFC
                         001441-001441                1
                         00146E-00FFFF             EB92
        COMRAM           000035-00007F               4B
        CONST            000004-000FFF              FFC
                         001441-001441                1
                         00146E-00FFFF             EB92
        EEDATA           F00000-F003FF              400
        MEDIUMCONST      001441-001441                1
                         00146E-00FFFF             EB92
        RAM              000080-000F7F              100
        SFR              000F80-000FFF               80
        SMALLCONST       001441-001441                1
                         00146E-00FFFF              100

                                  Symbol Table

_ADCON0                  (abs)        000FC2
_ADCON0bits              (abs)        000FC2
_ADCON1                  (abs)        000FC1
_ADCON2                  (abs)        000FC0
_ADRESH                  (abs)        000FC4
_ADRESL                  (abs)        000FC3
_PORTD                   (abs)        000F83
_PORTEbits               (abs)        000F84
_TRISA                   (abs)        000F92
_TRISB                   (abs)        000F93
_TRISC                   (abs)        000F94
_TRISD                   (abs)        000F95
_TRISE                   (abs)        000F96
__HRAM                   (abs)        000000
__Habs1                  abs1         000000
__Hbank0                 bank0        000000
__Hbank1                 bank1        000000
__Hbank10                bank10       000000
__Hbank11                bank11       000000
__Hbank12                bank12       000000
__Hbank13                bank13       000000
__Hbank14                bank14       000000
__Hbank15                bank15       000000
__Hbank2                 bank2        000000
__Hbank3                 bank3        000000
__Hbank4                 bank4        000000
__Hbank5                 bank5        000000
__Hbank6                 bank6        000000
__Hbank7                 bank7        000000
__Hbank8                 bank8        000000
__Hbank9                 bank9        000000
__Hbigbss                bigbss       000000
__Hbigdata               bigdata      000000
__Hbigram                bigram       000000
__Hbigsfr                bigsfr       000000
__Hbss                   bss          000000
__Hcinit                 cinit        000000
__Hclrtext               clrtext      000000
__Hcomram                comram       000000
__Hconfig                config       30000E
__Hconst                 const        000000
__HcstackCOMRAM          cstackCOMRAM 000000
__Hdata                  data         000000
__HdataCOMRAM            dataCOMRAM   000000
__Heeprom_data           eeprom_data  000000
__Hfarbss                farbss       000000
__Hfardata               fardata      000000
__Hheap                  heap         000000
__Hibigdata              ibigdata     000000
__Hidata                 idata        000000
__HidataCOMRAM           idataCOMRAM  000000
__Hidloc                 idloc        200008
__Hifardata              ifardata     000000
__Hinit                  init         000004
__Hintcode               intcode      000000
__Hintcode_body          intcode_body 000000
__Hintcodelo             intcodelo    000000
__Hintentry              intentry     000000
__Hintret                intret       000000
__Hintsave_regs          intsave_regs 000000
__Hirdata                irdata       000000
__Hmediumconst           mediumconst  000000
__HnvFARRAM              nvFARRAM     000000
__Hnvbit                 nvbit        000000
__Hnvrram                nvrram       000000
__Hparam                 rparam       000000
__Hpowerup               powerup      000000
__Hram                   ram          000000
__Hramtop                ramtop       001000
__Hrbit                  rbit         000000
__Hrbss                  rbss         000000
__Hrdata                 rdata        000000
__Hreset_vec             reset_vec    000000
__Hrparam                rparam       000000
__Hsfr                   sfr          000000
__Hsmallconst            smallconst   001046
__Hspace_0               (abs)        00146E
__Hspace_1               (abs)        000035
__Hspace_2               (abs)        000000
__Hspace_4               (abs)        60000E
__Hstack                 stack        000000
__Hstruct                struct       000000
__Htemp                  temp         000000
__Htext                  text         000000
__Htext0                 text0        000000
__Htext1                 text1        000000
__Htext2                 text2        000000
__Htext3                 text3        000000
__Htext4                 text4        000000
__Htext5                 text5        000000
__Htext6                 text6        000000
__Htext7                 text7        000000
__LRAM                   (abs)        000001
__Labs1                  abs1         000000
__Lbank0                 bank0        000000
__Lbank1                 bank1        000000
__Lbank10                bank10       000000
__Lbank11                bank11       000000
__Lbank12                bank12       000000
__Lbank13                bank13       000000
__Lbank14                bank14       000000
__Lbank15                bank15       000000
__Lbank2                 bank2        000000
__Lbank3                 bank3        000000
__Lbank4                 bank4        000000
__Lbank5                 bank5        000000
__Lbank6                 bank6        000000
__Lbank7                 bank7        000000
__Lbank8                 bank8        000000
__Lbank9                 bank9        000000
__Lbigbss                bigbss       000000
__Lbigdata               bigdata      000000
__Lbigram                bigram       000000
__Lbigsfr                bigsfr       000000
__Lbss                   bss          000000
__Lcinit                 cinit        000000
__Lclrtext               clrtext      000000
__Lcomram                comram       000000
__Lconfig                config       000000
__Lconst                 const        000000
__LcstackCOMRAM          cstackCOMRAM 000000
__Ldata                  data         000000
__LdataCOMRAM            dataCOMRAM   000000
__Leeprom_data           eeprom_data  000000
__Lfarbss                farbss       000000
__Lfardata               fardata      000000
__Lheap                  heap         000000
__Libigdata              ibigdata     000000
__Lidata                 idata        000000
__LidataCOMRAM           idataCOMRAM  000000
__Lidloc                 idloc        000000
__Lifardata              ifardata     000000
__Linit                  init         000000
__Lintcode               intcode      000000
__Lintcode_body          intcode_body 000000
__Lintcodelo             intcodelo    000000
__Lintentry              intentry     000000
__Lintret                intret       000000
__Lintsave_regs          intsave_regs 000000
__Lirdata                irdata       000000
__Lmediumconst           mediumconst  000000
__LnvFARRAM              nvFARRAM     000000
__Lnvbit                 nvbit        000000
__Lnvrram                nvrram       000000
__Lparam                 rparam       000000
__Lpowerup               powerup      000000
__Lram                   ram          000000
__Lramtop                ramtop       001000
__Lrbit                  rbit         000000
__Lrbss                  rbss         000000
__Lrdata                 rdata        000000
__Lreset_vec             reset_vec    000000
__Lrparam                rparam       000000
__Lsfr                   sfr          000000
__Lsmallconst            smallconst   001000
__Lspace_0               (abs)        000000
__Lspace_1               (abs)        000000
__Lspace_2               (abs)        000000
__Lspace_4               (abs)        000000
__Lstack                 stack        000000
__Lstruct                struct       000000
__Ltemp                  temp         000000
__Ltext                  text         000000
__Ltext0                 text0        000000
__Ltext1                 text1        000000
__Ltext2                 text2        000000
__Ltext3                 text3        000000
__Ltext4                 text4        000000
__Ltext5                 text5        000000
__Ltext6                 text6        000000
__Ltext7                 text7        000000
__S0                     (abs)        00146E
__S1                     (abs)        000035
__S4                     (abs)        000000
__S5                     (abs)        000000
___heap_hi               (abs)        000000
___heap_lo               (abs)        000000
___inthi_sp              stack        000000
___intlo_sp              stack        000000
___param_bank            (abs)        000000
___rparam_used           (abs)        000001
___sp                    stack        000000
__accesstop              (abs)        000080
__activetblptr           (abs)        000002
__end_of__initialization cinit        00141A
__end_of_delay           text7        0013FA
__end_of_lcd_cmd         text5        001466
__end_of_lcd_dat         text3        001454
__end_of_lcd_init        text4        0013B2
__end_of_lcd_str         text2        0012F0
__end_of_lcd_wr          text6        00146E
__end_of_main            text0        001274
__end_of_set_timer       text1        001356
__initialization         cinit        0013FA
__mediumconst            mediumconst  000000
__pcinit                 cinit        0013FA
__pcstackCOMRAM          cstackCOMRAM 00001E
__pdataCOMRAM            dataCOMRAM   000001
__pidataCOMRAM           idataCOMRAM  001424
__psmallconst            smallconst   001000
__ptext0                 text0        001046
__ptext1                 text1        0012F0
__ptext2                 text2        001274
__ptext3                 text3        001442
__ptext4                 text4        001356
__ptext5                 text5        001454
__ptext6                 text6        001466
__ptext7                 text7        0013B2
__ramtop                 ramtop       001000
__smallconst             smallconst   001000
_delay                   text7        0013B2
_lcd_cmd                 text5        001454
_lcd_dat                 text3        001442
_lcd_init                text4        001356
_lcd_str                 text2        001274
_lcd_wr                  text6        001466
_main                    text0        001046
_set_timer               text1        0012F0
_timer                   dataCOMRAM   00000D
delay@i                  cstackCOMRAM 000020
delay@j                  cstackCOMRAM 000022
delay@ms                 cstackCOMRAM 00001E
end_of_initialization    cinit        00141A
intlevel0                text         000000
intlevel1                text         000000
intlevel2                text         000000
intlevel3                text         000000
isa$std                  (abs)        000001
isa$xinst                (abs)        000000
lcd_cmd@val              cstackCOMRAM 00001F
lcd_dat@val              cstackCOMRAM 00001F
lcd_str@i                cstackCOMRAM 000024
lcd_str@str              cstackCOMRAM 000020
lcd_wr@val               cstackCOMRAM 00001E
main@F2496               dataCOMRAM   000007
main@F2498               dataCOMRAM   000001
main@running             cstackCOMRAM 000027
main@time_p0             cstackCOMRAM 000029
main@time_p1             cstackCOMRAM 00002F
main@turn                cstackCOMRAM 000025
set_timer@time_p0        cstackCOMRAM 00001E
set_timer@time_p1        cstackCOMRAM 000020
stackhi                  (abs)        000000
stacklo                  (abs)        000000
start                    init         000000
start_initialization     cinit        0013FA


MODULE INFORMATION

Module		Function		Class		Link	Load	Size
shared
		__initialization		CODE           	13FA	0000	32

shared estimated size: 32

main.c
		_delay         		CODE           	13B2	0000	72
		_lcd_cmd       		CODE           	1454	0000	18
		_lcd_dat       		CODE           	1442	0000	18
		_main          		CODE           	1046	0000	558
		_lcd_wr        		CODE           	1466	0000	8
		_set_timer     		CODE           	12F0	0000	102
		_lcd_str       		CODE           	1274	0000	124
		_lcd_init      		CODE           	1356	0000	92

main.c estimated size: 992

